Downloading: AB17B_MOUSE
Downloading: AB17C_MOUSE
Downloading: ABHD4_MOUSE
Downloading: ABHDD_MOUSE
Downloading: ADPGK_MOUSE
Downloading: AGRF1_MOUSE
Downloading: APEL_MOUSE
Downloading: ARRD4_MOUSE
Downloading: BABA1_MOUSE
Downloading: BEX4_MOUSE
Downloading: BSPRY_MOUSE
Downloading: CADH9_MOUSE
Downloading: CDKA2_MOUSE
Downloading: CDYL_MOUSE
Downloading: COMD9_MOUSE
Downloading: CSMD3_MOUSE
Downloading: CTL4_MOUSE
Downloading: DEFI8_MOUSE
Downloading: DMTF1_MOUSE
Downloading: DOPD_MOUSE
Downloading: DUS15_MOUSE
Downloading: EFCB7_MOUSE
Downloading: EFHC2_MOUSE
Downloading: ELAV2_MOUSE
Downloading: ES8L2_MOUSE
Downloading: ESPNL_MOUSE
Downloading: EURL_MOUSE
Downloading: EVI2B_MOUSE
Downloading: EXTL2_MOUSE
Downloading: FA60A_MOUSE
Downloading: FA98A_MOUSE
Downloading: GCYB1_MOUSE
Downloading: GDE1_MOUSE
Downloading: GP157_MOUSE
Downloading: GP176_MOUSE
Downloading: GRP_MOUSE
Downloading: H2AB1_MOUSE
Downloading: I18RA_MOUSE
Downloading: ICLN_MOUSE
Downloading: IF4A2_MOUSE
Downloading: IGS10_MOUSE
Downloading: KLF3_MOUSE
Downloading: KREM1_MOUSE
Downloading: LAPM5_MOUSE
Downloading: LHPL2_MOUSE
Downloading: LORF1_MOUSE
Downloading: LRC49_MOUSE
Downloading: LRCH1_MOUSE
Downloading: LRRC2_MOUSE
Downloading: LY65B_MOUSE
Downloading: LY65C_MOUSE
Downloading: LY66C_MOUSE
Downloading: LYPA2_MOUSE
Downloading: LYZL4_MOUSE
Downloading: MCES_MOUSE
Downloading: MCLN2_MOUSE
Downloading: MCMD2_MOUSE
Downloading: MGT4D_MOUSE
Downloading: MORN4_MOUSE
Downloading: MT21C_MOUSE
Downloading: MYNN_MOUSE
Downloading: NAF1_MOUSE
Downloading: NAL9B_MOUSE
Downloading: NICN1_MOUSE
Downloading: NOL8_MOUSE
Downloading: NP1L4_MOUSE
Downloading: P3H3_MOUSE
Downloading: PADI2_MOUSE
Downloading: PAR16_MOUSE
Downloading: PARP9_MOUSE
Downloading: PCGF3_MOUSE
Downloading: PCGF5_MOUSE
Downloading: PCOC2_MOUSE
Downloading: PLEK2_MOUSE
Downloading: PLF4_MOUSE
Downloading: PRDM5_MOUSE
Downloading: PSD1_MOUSE
Downloading: RAB18_MOUSE
Downloading: RASM_MOUSE
Downloading: RN138_MOUSE
Downloading: RNAS6_MOUSE
Downloading: RNB3L_MOUSE
Downloading: RPA43_MOUSE
Downloading: RS16_MOUSE
Downloading: RS30_MOUSE
Downloading: RWDD1_MOUSE
Downloading: SAMD7_MOUSE
Downloading: SAPC2_MOUSE
Downloading: SC65_MOUSE
Downloading: SDA1_MOUSE
Downloading: SEM3G_MOUSE
Downloading: SETD5_MOUSE
Downloading: SL9B1_MOUSE
Downloading: SMCR8_MOUSE
Downloading: SMTN_MOUSE
Downloading: SPE39_MOUSE
Downloading: SPEE_MOUSE
Downloading: SSUH2_MOUSE
Downloading: SYIC_MOUSE
Downloading: SYLC_MOUSE
Downloading: SYTC_MOUSE
Downloading: SYWC_MOUSE
Downloading: T150C_MOUSE
Downloading: TARM1_MOUSE
Downloading: TM108_MOUSE
Downloading: TM7S3_MOUSE
Downloading: TPGS2_MOUSE
Downloading: TRI46_MOUSE
Downloading: TRI58_MOUSE
Downloading: TRIO_MOUSE
Downloading: TSN8_MOUSE
Downloading: U17PE_MOUSE
Downloading: UBP12_MOUSE
Downloading: VTM2A_MOUSE
Downloading: WDR81_MOUSE
Downloading: WIPI2_MOUSE
Downloading: YTHD2_MOUSE
Downloading: ZDH16_MOUSE
Downloading: ZDHC6_MOUSE
Downloading: ZFP13_MOUSE
Downloading: ZN131_MOUSE
Downloading: ZN365_MOUSE
Downloading: ZN608_MOUSE
Downloading: ZN609_MOUSE
Downloading: ZN668_MOUSE
Downloading: AB17A_RAT
Downloading: AUGN_RAT
Downloading: CXB5_RAT
Downloading: CXG2_RAT
Downloading: ERR2_RAT
Downloading: FBX7_RAT
Downloading: FUND1_RAT
Downloading: GMEB2_RAT
Downloading: H14_RAT
Downloading: HDAC8_RAT
Downloading: IFNB_RAT
Downloading: MFF_RAT
Downloading: MFN1_RAT
Downloading: MID51_RAT
Downloading: MITF_RAT
Downloading: MRS2_RAT
Downloading: NDST1_RAT
Downloading: NOE2_RAT
Downloading: PARL_RAT
Downloading: SCLY_RAT
Downloading: SNAB_RAT
Downloading: SPG7_RAT
Downloading: SVS4_RAT
Downloading: T22D1_RAT
Downloading: TKN4_RAT
Downloading: UBP30_RAT
Downloading: ZEP2_RAT
Downloading: ZN365_RAT
Downloading: C3_04950W_A
Warning: C3_04950W_A not found
Downloading: C1_06710W_A
Warning: C1_06710W_A not found
Downloading: C5_02750C_A
Warning: C5_02750C_A not found
Downloading: C3_05220W_A
Warning: C3_05220W_A not found
Downloading: C2_02810C_A
Warning: C2_02810C_A not found
Downloading: C2_06460W_A
Warning: C2_06460W_A not found
Downloading: C1_05340C_A
Warning: C1_05340C_A not found
Downloading: C5_05080W_A
Warning: C5_05080W_A not found
Downloading: CR_04290W_A
Warning: CR_04290W_A not found
Downloading: C5_00940C_A
Warning: C5_00940C_A not found
Downloading: C4_05110C_A
Warning: C4_05110C_A not found
Downloading: C2_08100W_A
Warning: C2_08100W_A not found
Downloading: C2_01700C_A
Warning: C2_01700C_A not found
Downloading: C4_04730W_A
Warning: C4_04730W_A not found
Downloading: C1_11210C_A
Warning: C1_11210C_A not found
Downloading: C4_01390W_A
Warning: C4_01390W_A not found
Downloading: C3_07680W_A
Warning: C3_07680W_A not found
Downloading: CR_04250W_A
Warning: CR_04250W_A not found
Downloading: C4_01890C_A
Warning: C4_01890C_A not found
Downloading: C1_11480W_A
Warning: C1_11480W_A not found
Downloading: CR_00190W_A
Warning: CR_00190W_A not found
Downloading: ALG2_SCHPO
Downloading: BGL2_SCHPO
Downloading: CAN_SCHPO
Downloading: COG8_SCHPO
Downloading: DID2_SCHPO
Downloading: EFR3_SCHPO
Downloading: EMC5_SCHPO
Downloading: KGUA_SCHPO
Downloading: LEUC_SCHPO
Downloading: MSS4_SCHPO
Downloading: NAH2_SCHPO
Downloading: NPC2_SCHPO
Downloading: PDX3_SCHPO
Downloading: PROB_SCHPO
Downloading: PUB3_SCHPO
Downloading: S2538_SCHPO
Downloading: SPD2_SCHPO
Downloading: TAM41_SCHPO
Downloading: TBA1_SCHPO
Downloading: USO1_SCHPO
Downloading: VA0E_SCHPO
Downloading: VATH_SCHPO
Downloading: VP13B_SCHPO
Downloading: YBAC_SCHPO
Downloading: YBLJ_SCHPO
Downloading: YEL4_SCHPO
Downloading: YGDH_SCHPO
Downloading: YHS6_SCHPO
Downloading: YN2F_SCHPO
Downloading: YN41_SCHPO
Downloading: YO48_SCHPO
Downloading: 3HIDH_ARATH
Downloading: AB21B_ARATH
Downloading: AB30G_ARATH
Downloading: AB9C_ARATH
Downloading: AB9G_ARATH
Downloading: ACP5_ARATH
Downloading: ADF10_ARATH
Downloading: ADF5_ARATH
Downloading: ADF6_ARATH
Downloading: ADF8_ARATH
Downloading: AE7_ARATH
Downloading: AGD1_ARATH
Downloading: ALMT4_ARATH
Downloading: ANTL1_ARATH
Downloading: ANTL2_ARATH
Downloading: ANTL3_ARATH
Downloading: AOP3C_ARATH
Downloading: APRR8_ARATH
Downloading: ARC2B_ARATH
Downloading: ARC5A_ARATH
Downloading: ARI12_ARATH
Downloading: ARR19_ARATH
Downloading: ARR20_ARATH
Downloading: ASNS2_ARATH
Downloading: ATB17_ARATH
Downloading: ATPA_ARATH
Downloading: ATPB_ARATH
Downloading: ATPF_ARATH
Downloading: ATX3_ARATH
Downloading: ATX4_ARATH
Downloading: ATXR5_ARATH
Downloading: BCA2_ARATH
Downloading: BH093_ARATH
Downloading: BH109_ARATH
Downloading: BH120_ARATH
Downloading: BTR1_ARATH
Downloading: CALS7_ARATH
Downloading: CALS9_ARATH
Downloading: CALSA_ARATH
Downloading: CB60A_ARATH
Downloading: CER1_ARATH
Downloading: CHIB_ARATH
Downloading: CHR20_ARATH
Downloading: CHX21_ARATH
Downloading: CMTA1_ARATH
Downloading: CMTA6_ARATH
Downloading: CNGC7_ARATH
Downloading: CSK22_ARATH
Downloading: CYF_ARATH
Downloading: CYSK2_ARATH
Downloading: DNMT4_ARATH
Downloading: DOX2_ARATH
Downloading: DPOLA_ARATH
Downloading: DRM1_ARATH
Downloading: EBP2_ARATH
Downloading: EME1A_ARATH
Downloading: ETC3_ARATH
Downloading: EXTN1_ARATH
Downloading: FB111_ARATH
Downloading: FB134_ARATH
Downloading: FB318_ARATH
Downloading: FB346_ARATH
Downloading: FBK82_ARATH
Downloading: FBK9_ARATH
Downloading: FDM3_ARATH
Downloading: FEZ_ARATH
Downloading: FK129_ARATH
Downloading: FLD_ARATH
Downloading: FRIG0_ARATH
Downloading: GBIS1_ARATH
Downloading: GCA3_ARATH
Downloading: GCT22_ARATH
Downloading: GDL57_ARATH
Downloading: GDL79_ARATH
Downloading: GOS12_ARATH
Downloading: GPDH2_ARATH
Downloading: GRC13_ARATH
Downloading: GRF9_ARATH
Downloading: GRS11_ARATH
Downloading: GSXL7_ARATH
Downloading: HDG5_ARATH
Downloading: HEMH2_ARATH
Downloading: HEN4_ARATH
Downloading: IDD11_ARATH
Downloading: IDD15_ARATH
Downloading: JAL21_ARATH
Downloading: KASM_ARATH
Downloading: KEA3_ARATH
Downloading: LHTL4_ARATH
Downloading: LHWL3_ARATH
Downloading: LNK4_ARATH
Downloading: MARD1_ARATH
Downloading: MED12_ARATH
Downloading: MED13_ARATH
Downloading: MES20_ARATH
Downloading: MIOX4_ARATH
Downloading: MLH3_ARATH
Downloading: MOT2_ARATH
Downloading: MTP12_ARATH
Downloading: MYO4_ARATH
Downloading: NAC25_ARATH
Downloading: NAC5_ARATH
Downloading: NDHI_ARATH
Downloading: NDHJ_ARATH
Downloading: NFYB2_ARATH
Downloading: NLP2_ARATH
Downloading: NP214_ARATH
Downloading: NRAM2_ARATH
Downloading: NTF2_ARATH
Downloading: NU1C_ARATH
Downloading: NU3C_ARATH
Downloading: NU4LC_ARATH
Downloading: NU6C_ARATH
Downloading: NUA_ARATH
Downloading: OPT3_ARATH
Downloading: P2C38_ARATH
Downloading: P2C73_ARATH
Downloading: PABP5_ARATH
Downloading: PCH2_ARATH
Downloading: PEAM2_ARATH
Downloading: PHL2_ARATH
Downloading: PHL3_ARATH
Downloading: PHL8_ARATH
Downloading: PHLB_ARATH
Downloading: PLY11_ARATH
Downloading: PME34_ARATH
Downloading: PMI15_ARATH
Downloading: PP199_ARATH
Downloading: PP207_ARATH
Downloading: PP214_ARATH
Downloading: PP224_ARATH
Downloading: PP241_ARATH
Downloading: PP296_ARATH
Downloading: PP394_ARATH
Downloading: PPR38_ARATH
Downloading: PRP8A_ARATH
Downloading: PSAA_ARATH
Downloading: PSAC_ARATH
Warning: PSAC_ARATH not found
Downloading: PSBB_ARATH
Downloading: PSY_ARATH
Downloading: PT525_ARATH
Downloading: PTR42_ARATH
Downloading: PTR44_ARATH
Downloading: PUB46_ARATH
Downloading: PUR4_ARATH
Downloading: RADL6_ARATH
Downloading: RAX1_ARATH
Downloading: RBL_ARATH
Downloading: RBOHI_ARATH
Downloading: RK14_ARATH
Downloading: RNE_ARATH
Downloading: ROGFB_ARATH
Downloading: RPAP2_ARATH
Downloading: RPOB_ARATH
Downloading: RTOR2_ARATH
Downloading: SAP9_ARATH
Downloading: SBT43_ARATH
Downloading: SC15A_ARATH
Downloading: SC15B_ARATH
Downloading: SCL33_ARATH
Downloading: SCRK3_ARATH
Downloading: SCRK4_ARATH
Downloading: SCRK5_ARATH
Downloading: SCRM2_ARATH
Downloading: SEC3B_ARATH
Downloading: SEN21_ARATH
Downloading: SINA1_ARATH
Downloading: SIR4_ARATH
Downloading: SKI23_ARATH
Downloading: SKI31_ARATH
Downloading: SMXL5_ARATH
Downloading: SNL3_ARATH
Downloading: SOBRL_ARATH
Downloading: SPL7_ARATH
Downloading: SRS1_ARATH
Downloading: SRS41_ARATH
Downloading: STGL4_ARATH
Downloading: SYVM2_ARATH
Downloading: TBL35_ARATH
Downloading: TCTP2_ARATH
Downloading: TCX2_ARATH
Downloading: TET5_ARATH
Downloading: TI441_ARATH
Downloading: TLP4_ARATH
Downloading: TNPO1_ARATH
Downloading: TPS06_ARATH
Downloading: TPS30_ARATH
Downloading: TPST_ARATH
Downloading: TSS_ARATH
Downloading: U540A_ARATH
Downloading: U540B_ARATH
Downloading: U540C_ARATH
Downloading: U540D_ARATH
Downloading: UGGG_ARATH
Downloading: ULT1_ARATH
Downloading: VILI4_ARATH
Downloading: VQ20_ARATH
Downloading: WDL1_ARATH
Downloading: WIT2_ARATH
Downloading: WLI2B_ARATH
Downloading: Y3148_ARATH
Downloading: Y5010_ARATH
Downloading: Y5738_ARATH
Downloading: YCF4_ARATH
Downloading: ZEUS1_ARATH
Downloading: ATG17_DICDI
Downloading: CYSP2_DICDI
Downloading: DJ1_DICDI
Downloading: EXOC4_DICDI
Downloading: EXOC6_DICDI
Downloading: FRMB_DICDI
Downloading: G13B_DICDI
Downloading: HBX9_DICDI
Downloading: MTPN_DICDI
Downloading: RIR2_DICDI
Downloading: RS6_DICDI
Downloading: SIR2D_DICDI
Downloading: SODC4_DICDI
Downloading: SPEE_DICDI
Downloading: VP13F_DICDI
Downloading: Y0617_DICDI
Downloading: Y1197_DICDI
Downloading: Y1806_DICDI
Downloading: IF5A2_YEAST
Downloading: IRC21_YEAST
Downloading: OPY1_YEAST
Downloading: OSW5_YEAST
Downloading: TDA1_YEAST
Downloading: YDR09_YEAST
Downloading: YIQ6_YEAST
Downloading: YMP0_YEAST
Downloading: YMP8_YEAST
Downloading: FBgn0036260
Warning: FBgn0036260 not found
Downloading: FBgn0032473
Warning: FBgn0032473 not found
Downloading: FBgn0010808
Warning: FBgn0010808 not found
Downloading: FBgn0051453
Warning: FBgn0051453 not found
Downloading: FBgn0031857
Warning: FBgn0031857 not found
Downloading: FBgn0037780
Warning: FBgn0037780 not found
Downloading: FBgn0261274
Warning: FBgn0261274 not found
Downloading: FBgn0031835
Warning: FBgn0031835 not found
Downloading: FBgn0004387
Warning: FBgn0004387 not found
Downloading: FBgn0266451
Warning: FBgn0266451 not found
Downloading: FBgn0034529
Warning: FBgn0034529 not found
Downloading: FBgn0033194
Warning: FBgn0033194 not found
Downloading: FBgn0044046
Warning: FBgn0044046 not found
Downloading: FBgn0038381
Warning: FBgn0038381 not found
Downloading: FBgn0030706
Warning: FBgn0030706 not found
Downloading: FBgn0032020
Warning: FBgn0032020 not found
Downloading: FBgn0034911
Warning: FBgn0034911 not found
Downloading: FBgn0039530
Warning: FBgn0039530 not found
Downloading: FBgn0027616
Warning: FBgn0027616 not found
Downloading: FBgn0034264
Warning: FBgn0034264 not found
Downloading: FBgn0032813
Warning: FBgn0032813 not found
Downloading: FBgn0038453
Warning: FBgn0038453 not found
Downloading: FBgn0261697
Warning: FBgn0261697 not found
Downloading: FBgn0033814
Warning: FBgn0033814 not found
Downloading: FBgn0034827
Warning: FBgn0034827 not found
Downloading: FBgn0031893
Warning: FBgn0031893 not found
Downloading: FBgn0037679
Warning: FBgn0037679 not found
Downloading: FBgn0031971
Warning: FBgn0031971 not found
Downloading: FBgn0033558
Warning: FBgn0033558 not found
Downloading: FBgn0030344
Warning: FBgn0030344 not found
Downloading: FBgn0037637
Warning: FBgn0037637 not found
Downloading: FBgn0035246
Warning: FBgn0035246 not found
Downloading: FBgn0004895
Warning: FBgn0004895 not found
Downloading: FBgn0035586
Warning: FBgn0035586 not found
Downloading: FBgn0031010
Warning: FBgn0031010 not found
Downloading: FBgn0044051
Warning: FBgn0044051 not found
Downloading: FBgn0032016
Warning: FBgn0032016 not found
Downloading: FBgn0031077
Warning: FBgn0031077 not found
Downloading: FBgn0035111
Warning: FBgn0035111 not found
Downloading: FBgn0036461
Warning: FBgn0036461 not found
Downloading: ABD12_DANRE
Downloading: AGRA3_DANRE
Downloading: ANM6_DANRE
Downloading: ARP2B_DANRE
Downloading: ASNA_DANRE
Downloading: CAF17_DANRE
Downloading: CBPC1_DANRE
Downloading: CDKAL_DANRE
Downloading: CTL4_DANRE
Downloading: DDRGK_DANRE
Downloading: DMRT1_DANRE
Downloading: DZI1L_DANRE
Downloading: GP83A_DANRE
Downloading: GTDC1_DANRE
Downloading: IMDH2_DANRE
Downloading: MD13L_DANRE
Downloading: MTMRC_DANRE
Downloading: MYCA_DANRE
Downloading: MYCB_DANRE
Downloading: MYSM1_DANRE
Downloading: NARFL_DANRE
Downloading: NCLDB_DANRE
Downloading: PLK4_DANRE
Downloading: PO3F2_DANRE
Downloading: PUM3_DANRE
Downloading: RAG1_DANRE
Downloading: RANB9_DANRE
Downloading: RPAC2_DANRE
Downloading: SE1BA_DANRE
Downloading: SRBP2_DANRE
Downloading: T237A_DANRE
Downloading: TC1D1_DANRE
Downloading: WTIP_DANRE
Downloading: ZAR1_DANRE
Downloading: LNP_XENLA
Downloading: MAGA_XENLA
Downloading: NUPL_XENLA
Downloading: PCNA_XENLA
Downloading: QKIA_XENLA
Downloading: XPA_XENLA
Downloading: AB17C_HUMAN
Downloading: ADA19_HUMAN
Downloading: AG10B_HUMAN
Downloading: AJAP1_HUMAN
Downloading: AMZ1_HUMAN
Downloading: AMZ2_HUMAN
Downloading: ANM9_HUMAN
Downloading: ARL5A_HUMAN
Downloading: ARL5B_HUMAN
Downloading: ARM10_HUMAN
Downloading: ASB11_HUMAN
Downloading: ASB12_HUMAN
Downloading: ASB14_HUMAN
Downloading: ASB15_HUMAN
Downloading: ASB17_HUMAN
Downloading: ASB18_HUMAN
Downloading: ASB5_HUMAN
Downloading: ASB8_HUMAN
Downloading: AT5SL_HUMAN
Downloading: AUGN_HUMAN
Downloading: BANK1_HUMAN
Downloading: BEX4_HUMAN
Downloading: BLID_HUMAN
Downloading: BTBD6_HUMAN
Downloading: C10_HUMAN
Downloading: C27C1_HUMAN
Downloading: C2C2L_HUMAN
Downloading: CAR16_HUMAN
Downloading: CAR17_HUMAN
Downloading: CAR18_HUMAN
Downloading: CASD1_HUMAN
Downloading: CC038_HUMAN
Downloading: CC125_HUMAN
Downloading: CELF5_HUMAN
Downloading: CEMP1_HUMAN
Downloading: CGB7_HUMAN
Downloading: CGNL1_HUMAN
Downloading: CK2N1_HUMAN
Downloading: CL12B_HUMAN
Downloading: CL16A_HUMAN
Downloading: CLCL1_HUMAN
Downloading: CNNM4_HUMAN
Downloading: CNPY4_HUMAN
Downloading: COE3_HUMAN
Downloading: COQ5_HUMAN
Downloading: CP4AM_HUMAN
Downloading: CPMD8_HUMAN
Downloading: CRLF2_HUMAN
Downloading: CROC4_HUMAN
Downloading: CST11_HUMAN
Downloading: CXB7_HUMAN
Downloading: CXG2_HUMAN
Downloading: D104A_HUMAN
Downloading: D106A_HUMAN
Downloading: D107A_HUMAN
Downloading: DB119_HUMAN
Downloading: DB124_HUMAN
Downloading: DB126_HUMAN
Downloading: DB128_HUMAN
Downloading: DB131_HUMAN
Downloading: DB132_HUMAN
Downloading: DCA15_HUMAN
Downloading: DCST1_HUMAN
Downloading: DDIAS_HUMAN
Downloading: DET1_HUMAN
Downloading: DHR11_HUMAN
Downloading: DHRSX_HUMAN
Downloading: DLX1_HUMAN
Downloading: DONS_HUMAN
Downloading: DUPD1_HUMAN
Downloading: EFC1_HUMAN
Downloading: EFC2_HUMAN
Downloading: EID2B_HUMAN
Downloading: EN113_HUMAN
Downloading: ENH3_HUMAN
Downloading: ENK19_HUMAN
Downloading: ENK21_HUMAN
Downloading: ENK6_HUMAN
Downloading: ENK8_HUMAN
Downloading: ENK9_HUMAN
Downloading: ENVT1_HUMAN
Downloading: EPHX3_HUMAN
Downloading: ER6L2_HUMAN
Downloading: ERB1_HUMAN
Downloading: ES8L3_HUMAN
Downloading: F210B_HUMAN
Downloading: FA53B_HUMAN
Downloading: FAM3A_HUMAN
Downloading: FCRL3_HUMAN
Downloading: FHR2_HUMAN
Downloading: FHR5_HUMAN
Downloading: FNDC4_HUMAN
Downloading: FOXJ3_HUMAN
Downloading: GALP_HUMAN
Downloading: GLT18_HUMAN
Downloading: GLTL6_HUMAN
Downloading: GLYL1_HUMAN
Downloading: GLYL2_HUMAN
Downloading: GPTC3_HUMAN
Downloading: GRAM4_HUMAN
Downloading: GSKIP_HUMAN
Downloading: HECW2_HUMAN
Downloading: HMHB1_HUMAN
Downloading: HMN5_HUMAN
Downloading: HMSD_HUMAN
Downloading: IBPL1_HUMAN
Downloading: IF44L_HUMAN
Downloading: IFIX_HUMAN
Downloading: IKZF5_HUMAN
Downloading: IL17D_HUMAN
Downloading: ILDR1_HUMAN
Downloading: INSC_HUMAN
Downloading: IRGM_HUMAN
Downloading: IRX1_HUMAN
Downloading: IRX2_HUMAN
Downloading: ISCA1_HUMAN
Downloading: ITFG2_HUMAN
Downloading: JCAD_HUMAN
Downloading: K1161_HUMAN
Downloading: KBTB8_HUMAN
Downloading: KBTBD_HUMAN
Downloading: KCD21_HUMAN
Downloading: KCTD7_HUMAN
Downloading: KDM4E_HUMAN
Downloading: KLH11_HUMAN
Downloading: KLH24_HUMAN
Downloading: KLHL5_HUMAN
Downloading: KTAP2_HUMAN
Downloading: LARP6_HUMAN
Downloading: LMBRL_HUMAN
Downloading: LMOD3_HUMAN
Downloading: LRC38_HUMAN
Downloading: LRC52_HUMAN
Downloading: LRC55_HUMAN
Downloading: LY65B_HUMAN
Downloading: LY65C_HUMAN
Downloading: LYG2_HUMAN
Downloading: LYRM7_HUMAN
Downloading: LYZL6_HUMAN
Downloading: MAGA5_HUMAN
Downloading: MAP9_HUMAN
Downloading: MCATL_HUMAN
Downloading: MCP1_HUMAN
Warning: MCP1_HUMAN not found
Downloading: MET23_HUMAN
Downloading: MICU3_HUMAN
Downloading: MIER2_HUMAN
Downloading: MTMR8_HUMAN
Downloading: MTSSL_HUMAN
Downloading: MYO19_HUMAN
Downloading: NALP7_HUMAN
Downloading: NANP8_HUMAN
Downloading: NAV3_HUMAN
Downloading: NDST3_HUMAN
Downloading: NEUL2_HUMAN
Downloading: NFE4_HUMAN
Downloading: NKX63_HUMAN
Downloading: NOBOX_HUMAN
Downloading: NTAN1_HUMAN
Downloading: OST4_HUMAN
Downloading: OTU6B_HUMAN
Downloading: P5I13_HUMAN
Downloading: PAR15_HUMAN
Downloading: PATE4_HUMAN
Downloading: PDE12_HUMAN
Downloading: PIANP_HUMAN
Downloading: PLPP6_HUMAN
Downloading: PNDC1_HUMAN
Downloading: POF1B_HUMAN
Downloading: PPAT_HUMAN
Downloading: PPCEL_HUMAN
Downloading: PROD2_HUMAN
Downloading: PRS33_HUMAN
Downloading: PVRIG_HUMAN
Downloading: RASEF_HUMAN
Downloading: RAX2_HUMAN
Downloading: RBMS3_HUMAN
Downloading: RBY1C_HUMAN
Downloading: REC6_HUMAN
Downloading: RHF2B_HUMAN
Downloading: RHG42_HUMAN
Downloading: RIMKA_HUMAN
Downloading: RIMKB_HUMAN
Downloading: RNF26_HUMAN
Downloading: RNLS_HUMAN
Downloading: RNPL1_HUMAN
Downloading: RPEL1_HUMAN
Downloading: S45A1_HUMAN
Downloading: SDHF4_HUMAN
Downloading: SDK2_HUMAN
Downloading: SELT_HUMAN
Downloading: SLIP_HUMAN
Downloading: SNN_HUMAN
Downloading: SOSD1_HUMAN
Downloading: SPS2_HUMAN
Downloading: ST18_HUMAN
Downloading: ST1A4_HUMAN
Downloading: ST6B1_HUMAN
Downloading: STH_HUMAN
Downloading: STPG1_HUMAN
Downloading: TB15B_HUMAN
Downloading: TCTA_HUMAN
Downloading: TDRD9_HUMAN
Downloading: TEX19_HUMAN
Downloading: TIFAB_HUMAN
Downloading: TKN4_HUMAN
Downloading: TLE6_HUMAN
Downloading: TLX2_HUMAN
Downloading: TM258_HUMAN
Downloading: TM261_HUMAN
Downloading: TM87A_HUMAN
Downloading: TM87B_HUMAN
Downloading: TMC2_HUMAN
Downloading: TMCC1_HUMAN
Downloading: TMIG1_HUMAN
Downloading: TMIG3_HUMAN
Downloading: TMM8C_HUMAN
Downloading: TOR2X_HUMAN
Downloading: TPPP2_HUMAN
Downloading: TSLP_HUMAN
Downloading: TTC28_HUMAN
Downloading: TTL11_HUMAN
Downloading: TTL13_HUMAN
Downloading: TTLL4_HUMAN
Downloading: TTLL8_HUMAN
Downloading: TTL_HUMAN
Downloading: TYY2_HUMAN
Downloading: U17L6_HUMAN
Downloading: U17LO_HUMAN
Downloading: UBE3D_HUMAN
Downloading: VTCN1_HUMAN
Downloading: VTM2A_HUMAN
Downloading: WDR73_HUMAN
Downloading: WFKN2_HUMAN
Downloading: WSB2_HUMAN
Downloading: Z804A_HUMAN
Downloading: ZBT7C_HUMAN
Downloading: ZDH23_HUMAN
Downloading: ZN396_HUMAN
Downloading: ZN609_HUMAN
Downloading: ZN653_HUMAN
